
--- Testing Model: gemini-1.5-flash ---
Using Key: AIzaSyDT...Kyaw
.\venv\Scripts\python.exe : Traceback (most recent call last):
At line:1 char:1
+ .\venv\Scripts\python.exe test_unified_ai.py > test_output.txt 2>&1
+ ~~~~~~~~~~~~~~~~~~~~~~~~~~~~~~~~~~~~~~~~~~~~~~~~~~~~~~~~~~~~~~~~~~~
    + CategoryInfo          : NotSpecified: (Traceback (most recent call last): 
   :String) [], RemoteException
    + FullyQualifiedErrorId : NativeCommandError
 
  File "C:\Users\JAJA_SWARA\OneDrive\Desktop\GEN 
AI\backend\test_unified_ai.py", line 22, in test_gemini_15_flash
    response = await asyncio.to_thread(model.generate_content, "Say '1.5 Flash 
is working.'")
               
^^^^^^^^^^^^^^^^^^^^^^^^^^^^^^^^^^^^^^^^^^^^^^^^^^^^^^^^^^^^^^^^^^^^^^^^^^^^^^
  File "C:\Users\JAJA_SWARA\AppData\Local\Programs\Python\Python311\Lib\asyncio\
threads.py", line 25, in to_thread
    return await loop.run_in_executor(None, func_call)
           ^^^^^^^^^^^^^^^^^^^^^^^^^^^^^^^^^^^^^^^^^^^
  File "C:\Users\JAJA_SWARA\AppData\Local\Programs\Python\Python311\Lib\concurre
nt\futures\thread.py", line 58, in run
    result = self.fn(*self.args, **self.kwargs)
             ^^^^^^^^^^^^^^^^^^^^^^^^^^^^^^^^^^
  File "C:\Users\JAJA_SWARA\OneDrive\Desktop\GEN 
AI\backend\venv\Lib\site-packages\google\generativeai\generative_models.py", 
line 262, in generate_content
    response = self._client.generate_content(
               ^^^^^^^^^^^^^^^^^^^^^^^^^^^^^^
  File "C:\Users\JAJA_SWARA\OneDrive\Desktop\GEN AI\backend\venv\Lib\site-packag
es\google\ai\generativelanguage_v1beta\services\generative_service\client.py", 
line 827, in generate_content
    response = rpc(
               ^^^^
  File "C:\Users\JAJA_SWARA\OneDrive\Desktop\GEN 
AI\backend\venv\Lib\site-packages\google\api_core\gapic_v1\method.py", line 
131, in __call__
    return wrapped_func(*args, **kwargs)
           ^^^^^^^^^^^^^^^^^^^^^^^^^^^^^
  File "C:\Users\JAJA_SWARA\OneDrive\Desktop\GEN 
AI\backend\venv\Lib\site-packages\google\api_core\retry\retry_unary.py", line 
293, in retry_wrapped_func
    return retry_target(
           ^^^^^^^^^^^^^
  File "C:\Users\JAJA_SWARA\OneDrive\Desktop\GEN 
AI\backend\venv\Lib\site-packages\google\api_core\retry\retry_unary.py", line 
153, in retry_target
    _retry_error_helper(
  File "C:\Users\JAJA_SWARA\OneDrive\Desktop\GEN 
AI\backend\venv\Lib\site-packages\google\api_core\retry\retry_base.py", line 
212, in _retry_error_helper
    raise final_exc from source_exc
  File "C:\Users\JAJA_SWARA\OneDrive\Desktop\GEN 
AI\backend\venv\Lib\site-packages\google\api_core\retry\retry_unary.py", line 
144, in retry_target
    result = target()
             ^^^^^^^^
  File "C:\Users\JAJA_SWARA\OneDrive\Desktop\GEN 
AI\backend\venv\Lib\site-packages\google\api_core\timeout.py", line 120, in 
func_with_timeout
    return func(*args, **kwargs)
           ^^^^^^^^^^^^^^^^^^^^^
  File "C:\Users\JAJA_SWARA\OneDrive\Desktop\GEN 
AI\backend\venv\Lib\site-packages\google\api_core\grpc_helpers.py", line 78, in 
error_remapped_callable
    raise exceptions.from_grpc_error(exc) from exc
google.api_core.exceptions.NotFound: 404 models/gemini-1.5-flash is not found 
for API version v1beta, or is not supported for generateContent. Call 
ListModels to see the list of available models and their supported methods.

During handling of the above exception, another exception occurred:

Traceback (most recent call last):
  File "C:\Users\JAJA_SWARA\OneDrive\Desktop\GEN 
AI\backend\test_unified_ai.py", line 30, in <module>
    asyncio.run(test_gemini_15_flash())
  File "C:\Users\JAJA_SWARA\AppData\Local\Programs\Python\Python311\Lib\asyncio\
runners.py", line 190, in run
    return runner.run(main)
           ^^^^^^^^^^^^^^^^
  File "C:\Users\JAJA_SWARA\AppData\Local\Programs\Python\Python311\Lib\asyncio\
runners.py", line 118, in run
    return self._loop.run_until_complete(task)
           ^^^^^^^^^^^^^^^^^^^^^^^^^^^^^^^^^^^
  File "C:\Users\JAJA_SWARA\AppData\Local\Programs\Python\Python311\Lib\asyncio\
base_events.py", line 654, in run_until_complete
    return future.result()
           ^^^^^^^^^^^^^^^
  File "C:\Users\JAJA_SWARA\OneDrive\Desktop\GEN 
AI\backend\test_unified_ai.py", line 25, in test_gemini_15_flash
    print(f"\u274c gemini-1.5-flash Failed: {e}")
  File "C:\Users\JAJA_SWARA\AppData\Local\Programs\Python\Python311\Lib\encoding
s\cp1252.py", line 19, in encode
    return codecs.charmap_encode(input,self.errors,encoding_table)[0]
           ^^^^^^^^^^^^^^^^^^^^^^^^^^^^^^^^^^^^^^^^^^^^^^^^^^^^^^^
UnicodeEncodeError: 'charmap' codec can't encode character '\u274c' in position 
0: character maps to <undefined>
